// Jest Snapshot v1, https://goo.gl/fbAQLP

exports[`Participants render without crash 1`] = `
<div
  id="Stage"
/>
`;
